src/server/db/seed.ts(16,23): error TS2307: Cannot find module '@faker-js/faker' or its corresponding type declarations.
src/server/services/invitation.service.spec.ts(16,8): error TS2769: No overload matches this call.
  Overload 1 of 2, '(value: { name: string | SQL<unknown> | Placeholder<string, any>; slug: string | SQL<unknown> | Placeholder<string, any>; id?: string | SQL<unknown> | Placeholder<string, any> | undefined; ... 14 more ...; deletedAt?: SQL<...> | ... 3 more ... | undefined; }): PgInsertBase<...>', gave the following error.
    Argument of type '{ name: string; industry: string; }' is not assignable to parameter of type '{ name: string | SQL<unknown> | Placeholder<string, any>; slug: string | SQL<unknown> | Placeholder<string, any>; id?: string | SQL<unknown> | Placeholder<string, any> | undefined; ... 14 more ...; deletedAt?: SQL<...> | ... 3 more ... | undefined; }'.
      Property 'slug' is missing in type '{ name: string; industry: string; }' but required in type '{ name: string | SQL<unknown> | Placeholder<string, any>; slug: string | SQL<unknown> | Placeholder<string, any>; id?: string | SQL<unknown> | Placeholder<string, any> | undefined; ... 14 more ...; deletedAt?: SQL<...> | ... 3 more ... | undefined; }'.
  Overload 2 of 2, '(values: { name: string | SQL<unknown> | Placeholder<string, any>; slug: string | SQL<unknown> | Placeholder<string, any>; id?: string | SQL<unknown> | Placeholder<string, any> | undefined; ... 14 more ...; deletedAt?: SQL<...> | ... 3 more ... | undefined; }[]): PgInsertBase<...>', gave the following error.
    Object literal may only specify known properties, and 'name' does not exist in type '{ name: string | SQL<unknown> | Placeholder<string, any>; slug: string | SQL<unknown> | Placeholder<string, any>; id?: string | SQL<unknown> | Placeholder<string, any> | undefined; ... 14 more ...; deletedAt?: SQL<...> | ... 3 more ... | undefined; }[]'.
src/server/services/invitation.service.spec.ts(70,9): error TS2322: Type 'Omit<PgDeleteBase<PgTableWithColumns<{ name: "organization_invitations"; schema: undefined; columns: { id: PgColumn<{ name: "id"; tableName: "organization_invitations"; dataType: "string"; columnType: "PgUUID"; data: string; driverParam: string; ... 8 more ...; generated: undefined; }, {}, {}>; ... 11 more ...; upda...' is not assignable to type 'Promise<void>'.
  Types of property 'then' are incompatible.
    Type '<TResult1 = QueryResult<never>, TResult2 = never>(onFulfilled?: ((value: QueryResult<never>) => TResult1 | PromiseLike<TResult1>) | null | undefined, onRejected?: ((reason: any) => TResult2 | PromiseLike<...>) | ... 1 more ... | undefined) => Promise<...>' is not assignable to type '<TResult1 = void, TResult2 = never>(onfulfilled?: ((value: void) => TResult1 | PromiseLike<TResult1>) | null | undefined, onrejected?: ((reason: any) => TResult2 | PromiseLike<...>) | null | undefined) => Promise<...>'.
      Types of parameters 'onFulfilled' and 'onfulfilled' are incompatible.
        Types of parameters 'value' and 'value' are incompatible.
          Type 'QueryResult<never>' is not assignable to type 'void'.
src/server/services/invitation.service.spec.ts(89,9): error TS2322: Type 'Omit<PgDeleteBase<PgTableWithColumns<{ name: "users"; schema: undefined; columns: { id: PgColumn<{ name: "id"; tableName: "users"; dataType: "string"; columnType: "PgUUID"; data: string; driverParam: string; notNull: true; hasDefault: true; ... 6 more ...; generated: undefined; }, {}, {}>; ... 24 more ...; updatedAt...' is not assignable to type 'Promise<void>'.
  Types of property 'then' are incompatible.
    Type '<TResult1 = QueryResult<never>, TResult2 = never>(onFulfilled?: ((value: QueryResult<never>) => TResult1 | PromiseLike<TResult1>) | null | undefined, onRejected?: ((reason: any) => TResult2 | PromiseLike<...>) | ... 1 more ... | undefined) => Promise<...>' is not assignable to type '<TResult1 = void, TResult2 = never>(onfulfilled?: ((value: void) => TResult1 | PromiseLike<TResult1>) | null | undefined, onrejected?: ((reason: any) => TResult2 | PromiseLike<...>) | null | undefined) => Promise<...>'.
      Types of parameters 'onFulfilled' and 'onfulfilled' are incompatible.
        Types of parameters 'value' and 'value' are incompatible.
          Type 'QueryResult<never>' is not assignable to type 'void'.
src/server/services/invitation.service.spec.ts(115,9): error TS2322: Type 'Omit<PgDeleteBase<PgTableWithColumns<{ name: "organization_invitations"; schema: undefined; columns: { id: PgColumn<{ name: "id"; tableName: "organization_invitations"; dataType: "string"; columnType: "PgUUID"; data: string; driverParam: string; ... 8 more ...; generated: undefined; }, {}, {}>; ... 11 more ...; upda...' is not assignable to type 'Promise<void>'.
  Types of property 'then' are incompatible.
    Type '<TResult1 = QueryResult<never>, TResult2 = never>(onFulfilled?: ((value: QueryResult<never>) => TResult1 | PromiseLike<TResult1>) | null | undefined, onRejected?: ((reason: any) => TResult2 | PromiseLike<...>) | ... 1 more ... | undefined) => Promise<...>' is not assignable to type '<TResult1 = void, TResult2 = never>(onfulfilled?: ((value: void) => TResult1 | PromiseLike<TResult1>) | null | undefined, onrejected?: ((reason: any) => TResult2 | PromiseLike<...>) | null | undefined) => Promise<...>'.
      Types of parameters 'onFulfilled' and 'onfulfilled' are incompatible.
        Types of parameters 'value' and 'value' are incompatible.
          Type 'QueryResult<never>' is not assignable to type 'void'.
src/server/services/invitation.service.spec.ts(136,9): error TS2322: Type 'Omit<PgDeleteBase<PgTableWithColumns<{ name: "organization_invitations"; schema: undefined; columns: { id: PgColumn<{ name: "id"; tableName: "organization_invitations"; dataType: "string"; columnType: "PgUUID"; data: string; driverParam: string; ... 8 more ...; generated: undefined; }, {}, {}>; ... 11 more ...; upda...' is not assignable to type 'Promise<void>'.
  Types of property 'then' are incompatible.
    Type '<TResult1 = QueryResult<never>, TResult2 = never>(onFulfilled?: ((value: QueryResult<never>) => TResult1 | PromiseLike<TResult1>) | null | undefined, onRejected?: ((reason: any) => TResult2 | PromiseLike<...>) | ... 1 more ... | undefined) => Promise<...>' is not assignable to type '<TResult1 = void, TResult2 = never>(onfulfilled?: ((value: void) => TResult1 | PromiseLike<TResult1>) | null | undefined, onrejected?: ((reason: any) => TResult2 | PromiseLike<...>) | null | undefined) => Promise<...>'.
      Types of parameters 'onFulfilled' and 'onfulfilled' are incompatible.
        Types of parameters 'value' and 'value' are incompatible.
          Type 'QueryResult<never>' is not assignable to type 'void'.
src/server/services/invitation.service.spec.ts(164,9): error TS2322: Type 'Omit<PgDeleteBase<PgTableWithColumns<{ name: "organization_invitations"; schema: undefined; columns: { id: PgColumn<{ name: "id"; tableName: "organization_invitations"; dataType: "string"; columnType: "PgUUID"; data: string; driverParam: string; ... 8 more ...; generated: undefined; }, {}, {}>; ... 11 more ...; upda...' is not assignable to type 'Promise<void>'.
  Types of property 'then' are incompatible.
    Type '<TResult1 = QueryResult<never>, TResult2 = never>(onFulfilled?: ((value: QueryResult<never>) => TResult1 | PromiseLike<TResult1>) | null | undefined, onRejected?: ((reason: any) => TResult2 | PromiseLike<...>) | ... 1 more ... | undefined) => Promise<...>' is not assignable to type '<TResult1 = void, TResult2 = never>(onfulfilled?: ((value: void) => TResult1 | PromiseLike<TResult1>) | null | undefined, onrejected?: ((reason: any) => TResult2 | PromiseLike<...>) | null | undefined) => Promise<...>'.
      Types of parameters 'onFulfilled' and 'onfulfilled' are incompatible.
        Types of parameters 'value' and 'value' are incompatible.
          Type 'QueryResult<never>' is not assignable to type 'void'.
src/server/services/invitation.service.spec.ts(179,9): error TS2322: Type 'Omit<PgDeleteBase<PgTableWithColumns<{ name: "users"; schema: undefined; columns: { id: PgColumn<{ name: "id"; tableName: "users"; dataType: "string"; columnType: "PgUUID"; data: string; driverParam: string; notNull: true; hasDefault: true; ... 6 more ...; generated: undefined; }, {}, {}>; ... 24 more ...; updatedAt...' is not assignable to type 'Promise<void>'.
  Types of property 'then' are incompatible.
    Type '<TResult1 = QueryResult<never>, TResult2 = never>(onFulfilled?: ((value: QueryResult<never>) => TResult1 | PromiseLike<TResult1>) | null | undefined, onRejected?: ((reason: any) => TResult2 | PromiseLike<...>) | ... 1 more ... | undefined) => Promise<...>' is not assignable to type '<TResult1 = void, TResult2 = never>(onfulfilled?: ((value: void) => TResult1 | PromiseLike<TResult1>) | null | undefined, onrejected?: ((reason: any) => TResult2 | PromiseLike<...>) | null | undefined) => Promise<...>'.
      Types of parameters 'onFulfilled' and 'onfulfilled' are incompatible.
        Types of parameters 'value' and 'value' are incompatible.
          Type 'QueryResult<never>' is not assignable to type 'void'.
src/server/services/invitation.service.spec.ts(206,9): error TS2322: Type 'Omit<PgDeleteBase<PgTableWithColumns<{ name: "organization_invitations"; schema: undefined; columns: { id: PgColumn<{ name: "id"; tableName: "organization_invitations"; dataType: "string"; columnType: "PgUUID"; data: string; driverParam: string; ... 8 more ...; generated: undefined; }, {}, {}>; ... 11 more ...; upda...' is not assignable to type 'Promise<void>'.
  Types of property 'then' are incompatible.
    Type '<TResult1 = QueryResult<never>, TResult2 = never>(onFulfilled?: ((value: QueryResult<never>) => TResult1 | PromiseLike<TResult1>) | null | undefined, onRejected?: ((reason: any) => TResult2 | PromiseLike<...>) | ... 1 more ... | undefined) => Promise<...>' is not assignable to type '<TResult1 = void, TResult2 = never>(onfulfilled?: ((value: void) => TResult1 | PromiseLike<TResult1>) | null | undefined, onrejected?: ((reason: any) => TResult2 | PromiseLike<...>) | null | undefined) => Promise<...>'.
      Types of parameters 'onFulfilled' and 'onfulfilled' are incompatible.
        Types of parameters 'value' and 'value' are incompatible.
          Type 'QueryResult<never>' is not assignable to type 'void'.
src/server/services/invitation.service.spec.ts(227,9): error TS2322: Type 'Omit<PgDeleteBase<PgTableWithColumns<{ name: "users"; schema: undefined; columns: { id: PgColumn<{ name: "id"; tableName: "users"; dataType: "string"; columnType: "PgUUID"; data: string; driverParam: string; notNull: true; hasDefault: true; ... 6 more ...; generated: undefined; }, {}, {}>; ... 24 more ...; updatedAt...' is not assignable to type 'Promise<void>'.
  Types of property 'then' are incompatible.
    Type '<TResult1 = QueryResult<never>, TResult2 = never>(onFulfilled?: ((value: QueryResult<never>) => TResult1 | PromiseLike<TResult1>) | null | undefined, onRejected?: ((reason: any) => TResult2 | PromiseLike<...>) | ... 1 more ... | undefined) => Promise<...>' is not assignable to type '<TResult1 = void, TResult2 = never>(onfulfilled?: ((value: void) => TResult1 | PromiseLike<TResult1>) | null | undefined, onrejected?: ((reason: any) => TResult2 | PromiseLike<...>) | null | undefined) => Promise<...>'.
      Types of parameters 'onFulfilled' and 'onfulfilled' are incompatible.
        Types of parameters 'value' and 'value' are incompatible.
          Type 'QueryResult<never>' is not assignable to type 'void'.
src/server/services/invitation.service.spec.ts(247,9): error TS2322: Type 'Omit<PgDeleteBase<PgTableWithColumns<{ name: "organization_invitations"; schema: undefined; columns: { id: PgColumn<{ name: "id"; tableName: "organization_invitations"; dataType: "string"; columnType: "PgUUID"; data: string; driverParam: string; ... 8 more ...; generated: undefined; }, {}, {}>; ... 11 more ...; upda...' is not assignable to type 'Promise<void>'.
  Types of property 'then' are incompatible.
    Type '<TResult1 = QueryResult<never>, TResult2 = never>(onFulfilled?: ((value: QueryResult<never>) => TResult1 | PromiseLike<TResult1>) | null | undefined, onRejected?: ((reason: any) => TResult2 | PromiseLike<...>) | ... 1 more ... | undefined) => Promise<...>' is not assignable to type '<TResult1 = void, TResult2 = never>(onfulfilled?: ((value: void) => TResult1 | PromiseLike<TResult1>) | null | undefined, onrejected?: ((reason: any) => TResult2 | PromiseLike<...>) | null | undefined) => Promise<...>'.
      Types of parameters 'onFulfilled' and 'onfulfilled' are incompatible.
        Types of parameters 'value' and 'value' are incompatible.
          Type 'QueryResult<never>' is not assignable to type 'void'.
src/server/services/invitation.service.spec.ts(269,9): error TS2322: Type 'Omit<PgDeleteBase<PgTableWithColumns<{ name: "organization_invitations"; schema: undefined; columns: { id: PgColumn<{ name: "id"; tableName: "organization_invitations"; dataType: "string"; columnType: "PgUUID"; data: string; driverParam: string; ... 8 more ...; generated: undefined; }, {}, {}>; ... 11 more ...; upda...' is not assignable to type 'Promise<void>'.
  Types of property 'then' are incompatible.
    Type '<TResult1 = QueryResult<never>, TResult2 = never>(onFulfilled?: ((value: QueryResult<never>) => TResult1 | PromiseLike<TResult1>) | null | undefined, onRejected?: ((reason: any) => TResult2 | PromiseLike<...>) | ... 1 more ... | undefined) => Promise<...>' is not assignable to type '<TResult1 = void, TResult2 = never>(onfulfilled?: ((value: void) => TResult1 | PromiseLike<TResult1>) | null | undefined, onrejected?: ((reason: any) => TResult2 | PromiseLike<...>) | null | undefined) => Promise<...>'.
      Types of parameters 'onFulfilled' and 'onfulfilled' are incompatible.
        Types of parameters 'value' and 'value' are incompatible.
          Type 'QueryResult<never>' is not assignable to type 'void'.
src/server/services/invitation.service.spec.ts(311,9): error TS2322: Type 'Omit<PgDeleteBase<PgTableWithColumns<{ name: "organization_invitations"; schema: undefined; columns: { id: PgColumn<{ name: "id"; tableName: "organization_invitations"; dataType: "string"; columnType: "PgUUID"; data: string; driverParam: string; ... 8 more ...; generated: undefined; }, {}, {}>; ... 11 more ...; upda...' is not assignable to type 'Promise<void>'.
  Types of property 'then' are incompatible.
    Type '<TResult1 = QueryResult<never>, TResult2 = never>(onFulfilled?: ((value: QueryResult<never>) => TResult1 | PromiseLike<TResult1>) | null | undefined, onRejected?: ((reason: any) => TResult2 | PromiseLike<...>) | ... 1 more ... | undefined) => Promise<...>' is not assignable to type '<TResult1 = void, TResult2 = never>(onfulfilled?: ((value: void) => TResult1 | PromiseLike<TResult1>) | null | undefined, onrejected?: ((reason: any) => TResult2 | PromiseLike<...>) | null | undefined) => Promise<...>'.
      Types of parameters 'onFulfilled' and 'onfulfilled' are incompatible.
        Types of parameters 'value' and 'value' are incompatible.
          Type 'QueryResult<never>' is not assignable to type 'void'.
src/server/services/invitation.service.spec.ts(344,11): error TS2322: Type 'Omit<PgDeleteBase<PgTableWithColumns<{ name: "organization_invitations"; schema: undefined; columns: { id: PgColumn<{ name: "id"; tableName: "organization_invitations"; dataType: "string"; columnType: "PgUUID"; data: string; driverParam: string; ... 8 more ...; generated: undefined; }, {}, {}>; ... 11 more ...; upda...' is not assignable to type 'Promise<void>'.
  Types of property 'then' are incompatible.
    Type '<TResult1 = QueryResult<never>, TResult2 = never>(onFulfilled?: ((value: QueryResult<never>) => TResult1 | PromiseLike<TResult1>) | null | undefined, onRejected?: ((reason: any) => TResult2 | PromiseLike<...>) | ... 1 more ... | undefined) => Promise<...>' is not assignable to type '<TResult1 = void, TResult2 = never>(onfulfilled?: ((value: void) => TResult1 | PromiseLike<TResult1>) | null | undefined, onrejected?: ((reason: any) => TResult2 | PromiseLike<...>) | null | undefined) => Promise<...>'.
      Types of parameters 'onFulfilled' and 'onfulfilled' are incompatible.
        Types of parameters 'value' and 'value' are incompatible.
          Type 'QueryResult<never>' is not assignable to type 'void'.
src/server/services/invitation.service.spec.ts(366,9): error TS2322: Type 'Omit<PgDeleteBase<PgTableWithColumns<{ name: "organization_invitations"; schema: undefined; columns: { id: PgColumn<{ name: "id"; tableName: "organization_invitations"; dataType: "string"; columnType: "PgUUID"; data: string; driverParam: string; ... 8 more ...; generated: undefined; }, {}, {}>; ... 11 more ...; upda...' is not assignable to type 'Promise<void>'.
  Types of property 'then' are incompatible.
    Type '<TResult1 = QueryResult<never>, TResult2 = never>(onFulfilled?: ((value: QueryResult<never>) => TResult1 | PromiseLike<TResult1>) | null | undefined, onRejected?: ((reason: any) => TResult2 | PromiseLike<...>) | ... 1 more ... | undefined) => Promise<...>' is not assignable to type '<TResult1 = void, TResult2 = never>(onfulfilled?: ((value: void) => TResult1 | PromiseLike<TResult1>) | null | undefined, onrejected?: ((reason: any) => TResult2 | PromiseLike<...>) | null | undefined) => Promise<...>'.
      Types of parameters 'onFulfilled' and 'onfulfilled' are incompatible.
        Types of parameters 'value' and 'value' are incompatible.
          Type 'QueryResult<never>' is not assignable to type 'void'.
src/server/services/invitation.service.spec.ts(384,9): error TS2322: Type 'Omit<PgDeleteBase<PgTableWithColumns<{ name: "organization_invitations"; schema: undefined; columns: { id: PgColumn<{ name: "id"; tableName: "organization_invitations"; dataType: "string"; columnType: "PgUUID"; data: string; driverParam: string; ... 8 more ...; generated: undefined; }, {}, {}>; ... 11 more ...; upda...' is not assignable to type 'Promise<void>'.
  Types of property 'then' are incompatible.
    Type '<TResult1 = QueryResult<never>, TResult2 = never>(onFulfilled?: ((value: QueryResult<never>) => TResult1 | PromiseLike<TResult1>) | null | undefined, onRejected?: ((reason: any) => TResult2 | PromiseLike<...>) | ... 1 more ... | undefined) => Promise<...>' is not assignable to type '<TResult1 = void, TResult2 = never>(onfulfilled?: ((value: void) => TResult1 | PromiseLike<TResult1>) | null | undefined, onrejected?: ((reason: any) => TResult2 | PromiseLike<...>) | null | undefined) => Promise<...>'.
      Types of parameters 'onFulfilled' and 'onfulfilled' are incompatible.
        Types of parameters 'value' and 'value' are incompatible.
          Type 'QueryResult<never>' is not assignable to type 'void'.
src/server/services/invitation.service.spec.ts(413,9): error TS2322: Type 'Omit<PgDeleteBase<PgTableWithColumns<{ name: "organization_invitations"; schema: undefined; columns: { id: PgColumn<{ name: "id"; tableName: "organization_invitations"; dataType: "string"; columnType: "PgUUID"; data: string; driverParam: string; ... 8 more ...; generated: undefined; }, {}, {}>; ... 11 more ...; upda...' is not assignable to type 'Promise<void>'.
  Types of property 'then' are incompatible.
    Type '<TResult1 = QueryResult<never>, TResult2 = never>(onFulfilled?: ((value: QueryResult<never>) => TResult1 | PromiseLike<TResult1>) | null | undefined, onRejected?: ((reason: any) => TResult2 | PromiseLike<...>) | ... 1 more ... | undefined) => Promise<...>' is not assignable to type '<TResult1 = void, TResult2 = never>(onfulfilled?: ((value: void) => TResult1 | PromiseLike<TResult1>) | null | undefined, onrejected?: ((reason: any) => TResult2 | PromiseLike<...>) | null | undefined) => Promise<...>'.
      Types of parameters 'onFulfilled' and 'onfulfilled' are incompatible.
        Types of parameters 'value' and 'value' are incompatible.
          Type 'QueryResult<never>' is not assignable to type 'void'.
src/server/services/logo-upload.service.ts(1,44): error TS2307: Cannot find module '@aws-sdk/client-s3' or its corresponding type declarations.
src/server/services/logo-upload.service.ts(2,30): error TS2307: Cannot find module '@aws-sdk/s3-request-presigner' or its corresponding type declarations.
src/server/services/user.service.ts(4,15): error TS2724: '"drizzle-orm/pg-core"' has no exported member named 'Transaction'. Did you mean 'PgTransaction'?
src/server/test/fixtures/organization.fixture.ts(1,23): error TS2307: Cannot find module '@faker-js/faker' or its corresponding type declarations.
src/server/validations/bank-verification.schema.ts(20,8): error TS2769: No overload matches this call.
  Overload 1 of 2, '(values: readonly ["paystack", "flutterwave"], params?: string | { error?: string | $ZodErrorMap<$ZodIssueInvalidValue<unknown>> | undefined; message?: string | undefined; } | undefined): ZodEnum<...>', gave the following error.
    Object literal may only specify known properties, and 'errorMap' does not exist in type '{ error?: string | $ZodErrorMap<$ZodIssueInvalidValue<unknown>> | undefined; message?: string | undefined; }'.
  Overload 2 of 2, '(entries: Readonly<Record<string, EnumValue>>, params?: string | { error?: string | $ZodErrorMap<$ZodIssueInvalidValue<unknown>> | undefined; message?: string | undefined; } | undefined): ZodEnum<...>', gave the following error.
    Argument of type 'string[]' is not assignable to parameter of type 'Readonly<Record<string, EnumValue>>'.
      Index signature for type 'string' is missing in type 'string[]'.
src/server/validations/company-profile.schema.ts(2,23): error TS2307: Cannot find module 'i18n-iso-countries' or its corresponding type declarations.
